// Jest Snapshot v1, https://goo.gl/fbAQLP

exports[`renders homepage unchanged 1`] = `
<div>
  <div
    class="bg-gray-200 p-4 flex flex-row justify-between sticky top-0 z-50"
  >
    <h1
      class="text-2xl font-bold"
    >
      Podcaster
    </h1>
  </div>
  <div
    class="border-t border-gray-300"
  />
  <div>
    <h1
      class="text-2xl font-bold"
    >
      Episode not found
    </h1>
  </div>
</div>
`;
